// Jest Snapshot v1, https://goo.gl/fbAQLP

exports[`LoadingCard should render correctly 1`] = `
<div>
  <div
    class="max-w-sm p-4 border border-gray-200 rounded shadow animate-pulse md:p-6 dark:border-gray-700 w-full mx-auto"
    role="status"
  >
    <div
      class="h-2.5 bg-gray-200 rounded-full dark:bg-gray-700 w-48 mb-4"
    />
    <div
      class="h-2 bg-gray-200 rounded-full dark:bg-gray-700 mb-2.5"
    />
    <div
      class="h-2 bg-gray-200 rounded-full dark:bg-gray-700 mb-2.5"
    />
    <div
      class="h-2 bg-gray-200 rounded-full dark:bg-gray-700 mb-2.5"
    />
    <div
      class="h-2.5 bg-gray-200 rounded-full dark:bg-gray-700 w-48 mb-2.5"
    />
    <div
      class="h-2 bg-gray-200 rounded-full dark:bg-gray-700 mb-2.5"
    />
    <div
      class="h-2 bg-gray-200 rounded-full dark:bg-gray-700 mb-2.5"
    />
    <div
      class="h-2 bg-gray-200 rounded-full dark:bg-gray-700"
    />
    <span
      class="sr-only"
    >
      Loading...
    </span>
  </div>
</div>
`;
