// Jest Snapshot v1, https://goo.gl/fbAQLP

exports[`HeroBanner should render correctly 1`] = `
<div>
  <div
    class="grid max-w-screen-xl px-4 md:px-10 py-4 mx-auto lg:gap-8 xl:gap-0 lg:py-16 lg:grid-cols-12 mt-10 "
  >
    <div
      class="mr-auto place-self-center lg:col-span-7"
    >
      <h1
        class="max-w-2xl mb-4 text-4xl font-extrabold tracking-tight leading-none md:text-5xl xl:text-6xl dark:text-white"
      >
        SpaceX Shuttle Diary
      </h1>
      <p
        class="max-w-2xl mb-6 font-light text-gray-500 lg:mb-8 md:text-lg lg:text-xl dark:text-gray-400"
      >
        Stay updated with SpaceX rocket information for the latest news and updates on their innovative technology and space exploration missions.
      </p>
    </div>
    <div
      class="hidden lg:mt-0 lg:col-span-5 lg:flex"
    >
      <img
        alt="Rocket"
        src="rocket.webp"
      />
    </div>
  </div>
</div>
`;
